../Core/Src/main.c:78:6:turnLedOn	8	static
../Core/Src/main.c:82:6:turnLedOff	8	static
../Core/Src/main.c:86:6:turnBuzzerOn	8	static
../Core/Src/main.c:90:6:turnBuzzerOff	8	static
../Core/Src/main.c:95:6:ledSetup	16	static
../Core/Src/main.c:104:6:buzzerSetup	16	static
../Core/Src/main.c:113:6:ledDutyCycle	16	static
../Core/Src/main.c:118:6:buzzerDutyCycle	16	static
../Core/Src/main.c:123:6:ledOperation	8	static
../Core/Src/main.c:158:6:ledIllumination	8	static
../Core/Src/main.c:166:6:buzzerOperation	8	static
../Core/Src/main.c:201:6:updateSystemStatus	4	static
../Core/Src/main.c:208:6:timerInterruptServiceRoutine	8	static
../Core/Src/main.c:212:6:systemStatusOperation	8	static
../Core/Src/main.c:243:5:main	8	static
../Core/Src/main.c:287:6:SystemClock_Config	72	static
../Core/Src/main.c:324:13:MX_TIM2_Init	32	static
../Core/Src/main.c:369:13:MX_GPIO_Init	32	static
../Core/Src/main.c:389:6:HAL_TIM_PeriodElapsedCallback	16	static
../Core/Src/main.c:401:6:Error_Handler	4	static,ignoring_inline_asm
